// Jest Snapshot v1, https://goo.gl/fbAQLP

exports[`Testing Projects renders correctly 1`] = `
<DocumentFragment>
  <div
    class="projects__card"
  >
    <div
      class="projects__cardImage"
    >
      <img
        alt=""
        src="./images/maribelnails.png"
      />
    </div>
    <div
      class="projects__cardInfo"
    >
      <h2>
        project Name5
      </h2>
      <ul
        class="projects__cardInfoTechnologies"
      >
        <li>
          React
        </li>
        <li>
          JavaScript
        </li>
        <li>
          Css
        </li>
        <li>
          HTML
        </li>
      </ul>
      <p>
        Here goes the project's description: exampmle: Netflix clone made using React and TMDB API. This app fetches the movies data from TMDB database. I have used plain CSS to style the components and make it look like the original Netflix website
      </p>
      <nav
        aria-label="project links"
        class="projects__cardButtons"
      >
        <a
          class="button"
          href="https://github.com"
          rel="external"
          target="_blank"
        >
          Live Demo
        </a>
        <a
          class="button button--white"
          href="https://github.com"
          rel="external"
          target="_blank"
        >
          Github
        </a>
      </nav>
    </div>
  </div>
</DocumentFragment>
`;
